%Warning-PINMISSING: /private/tmp/rivoryxa-historical-final-20260915/historical/mm_ram_timer_tb.sv:17:77: Instance has missing pin: 'instr_rdata_o'
   17 |   mm_ram #(.RAM_ADDR_WIDTH(12), .DBG_ADDR_WIDTH(8), .INSTR_RDATA_WIDTH(32)) dut (
      |                                                                             ^~~
                     /private/tmp/rivoryxa-historical-final-20260915/evidence/historical-82cbd740d51d/before/mm_ram.sv:40:43: ... Location of port declaration
   40 |      output logic [INSTR_RDATA_WIDTH-1:0] instr_rdata_o,
      |                                           ^~~~~~~~~~~~~
                     ... For warning description see https://verilator.org/warn/PINMISSING?v=5.050
                     ... Use "/* verilator lint_off PINMISSING */" and lint_on around source to disable this message.
%Warning-PINMISSING: /private/tmp/rivoryxa-historical-final-20260915/historical/mm_ram_timer_tb.sv:17:77: Instance has missing pin: 'instr_rvalid_o'
   17 |   mm_ram #(.RAM_ADDR_WIDTH(12), .DBG_ADDR_WIDTH(8), .INSTR_RDATA_WIDTH(32)) dut (
      |                                                                             ^~~
                     /private/tmp/rivoryxa-historical-final-20260915/evidence/historical-82cbd740d51d/before/mm_ram.sv:41:43: ... Location of port declaration
   41 |      output logic                         instr_rvalid_o,
      |                                           ^~~~~~~~~~~~~~
%Warning-PINMISSING: /private/tmp/rivoryxa-historical-final-20260915/historical/mm_ram_timer_tb.sv:17:77: Instance has missing pin: 'instr_gnt_o'
   17 |   mm_ram #(.RAM_ADDR_WIDTH(12), .DBG_ADDR_WIDTH(8), .INSTR_RDATA_WIDTH(32)) dut (
      |                                                                             ^~~
                     /private/tmp/rivoryxa-historical-final-20260915/evidence/historical-82cbd740d51d/before/mm_ram.sv:42:43: ... Location of port declaration
   42 |      output logic                         instr_gnt_o,
      |                                           ^~~~~~~~~~~
%Warning-PINMISSING: /private/tmp/rivoryxa-historical-final-20260915/historical/mm_ram_timer_tb.sv:17:77: Instance has missing pin: 'debug_req_o'
   17 |   mm_ram #(.RAM_ADDR_WIDTH(12), .DBG_ADDR_WIDTH(8), .INSTR_RDATA_WIDTH(32)) dut (
      |                                                                             ^~~
                     /private/tmp/rivoryxa-historical-final-20260915/evidence/historical-82cbd740d51d/before/mm_ram.sv:59:43: ... Location of port declaration
   59 |      output logic                         debug_req_o,
      |                                           ^~~~~~~~~~~
%Warning-PINMISSING: /private/tmp/rivoryxa-historical-final-20260915/historical/mm_ram_timer_tb.sv:17:77: Instance has missing pin: 'tests_passed_o'
   17 |   mm_ram #(.RAM_ADDR_WIDTH(12), .DBG_ADDR_WIDTH(8), .INSTR_RDATA_WIDTH(32)) dut (
      |                                                                             ^~~
                     /private/tmp/rivoryxa-historical-final-20260915/evidence/historical-82cbd740d51d/before/mm_ram.sv:61:43: ... Location of port declaration
   61 |      output logic                         tests_passed_o,
      |                                           ^~~~~~~~~~~~~~
%Warning-PINMISSING: /private/tmp/rivoryxa-historical-final-20260915/historical/mm_ram_timer_tb.sv:17:77: Instance has missing pin: 'tests_failed_o'
   17 |   mm_ram #(.RAM_ADDR_WIDTH(12), .DBG_ADDR_WIDTH(8), .INSTR_RDATA_WIDTH(32)) dut (
      |                                                                             ^~~
                     /private/tmp/rivoryxa-historical-final-20260915/evidence/historical-82cbd740d51d/before/mm_ram.sv:62:43: ... Location of port declaration
   62 |      output logic                         tests_failed_o,
      |                                           ^~~~~~~~~~~~~~
%Warning-PINMISSING: /private/tmp/rivoryxa-historical-final-20260915/historical/mm_ram_timer_tb.sv:17:77: Instance has missing pin: 'exit_valid_o'
   17 |   mm_ram #(.RAM_ADDR_WIDTH(12), .DBG_ADDR_WIDTH(8), .INSTR_RDATA_WIDTH(32)) dut (
      |                                                                             ^~~
                     /private/tmp/rivoryxa-historical-final-20260915/evidence/historical-82cbd740d51d/before/mm_ram.sv:63:43: ... Location of port declaration
   63 |      output logic                         exit_valid_o,
      |                                           ^~~~~~~~~~~~
%Warning-PINMISSING: /private/tmp/rivoryxa-historical-final-20260915/historical/mm_ram_timer_tb.sv:17:77: Instance has missing pin: 'exit_value_o'
   17 |   mm_ram #(.RAM_ADDR_WIDTH(12), .DBG_ADDR_WIDTH(8), .INSTR_RDATA_WIDTH(32)) dut (
      |                                                                             ^~~
                     /private/tmp/rivoryxa-historical-final-20260915/evidence/historical-82cbd740d51d/before/mm_ram.sv:64:43: ... Location of port declaration
   64 |      output logic [31:0]                  exit_value_o);
      |                                           ^~~~~~~~~~~~
%Warning-TIMESCALEMOD: /private/tmp/rivoryxa-historical-final-20260915/evidence/historical-82cbd740d51d/before/mm_ram.sv:20:8: Timescale missing on this module as other modules have it (IEEE 1800-2023 3.14.2.3)
   20 | module mm_ram
      |        ^~~~~~
                       /private/tmp/rivoryxa-historical-final-20260915/historical/mm_ram_timer_tb.sv:3:8: ... Location of module with timescale
    3 | module mm_ram_timer_tb;
      |        ^~~~~~~~~~~~~~~
                       ... For warning description see https://verilator.org/warn/TIMESCALEMOD?v=5.050
                       ... Use "/* verilator lint_off TIMESCALEMOD */" and lint_on around source to disable this message.
%Warning-TIMESCALEMOD: /private/tmp/rivoryxa-historical-final-20260915/evidence/historical-82cbd740d51d/before/dp_ram.sv:15:8: Timescale missing on this module as other modules have it (IEEE 1800-2023 3.14.2.3)
   15 | module dp_ram
      |        ^~~~~~
                       /private/tmp/rivoryxa-historical-final-20260915/historical/mm_ram_timer_tb.sv:3:8: ... Location of module with timescale
    3 | module mm_ram_timer_tb;
      |        ^~~~~~~~~~~~~~~
%Warning-TIMESCALEMOD: /private/tmp/rivoryxa-historical-final-20260915/evidence/historical-82cbd740d51d/before/riscv_rvalid_stall.sv:30:8: Timescale missing on this module as other modules have it (IEEE 1800-2023 3.14.2.3)
   30 | module riscv_rvalid_stall(
      |        ^~~~~~~~~~~~~~~~~~
                       /private/tmp/rivoryxa-historical-final-20260915/historical/mm_ram_timer_tb.sv:3:8: ... Location of module with timescale
    3 | module mm_ram_timer_tb;
      |        ^~~~~~~~~~~~~~~
%Warning-TIMESCALEMOD: /private/tmp/rivoryxa-historical-final-20260915/evidence/historical-82cbd740d51d/before/riscv_gnt_stall.sv:30:8: Timescale missing on this module as other modules have it (IEEE 1800-2023 3.14.2.3)
   30 | module riscv_gnt_stall
      |        ^~~~~~~~~~~~~~~
                       /private/tmp/rivoryxa-historical-final-20260915/historical/mm_ram_timer_tb.sv:3:8: ... Location of module with timescale
    3 | module mm_ram_timer_tb;
      |        ^~~~~~~~~~~~~~~
%Warning-WIDTHEXPAND: /private/tmp/rivoryxa-historical-final-20260915/evidence/historical-82cbd740d51d/before/mm_ram.sv:89:43: Operator VAR 'MMADDR_RNDSTALL' expects 32 bits on the Initial value, but Initial value's CONST '16'h1600' generates 16 bits.
                                                                                                                             : ... note: In instance 'mm_ram_timer_tb.dut'
   89 |     localparam int                        MMADDR_RNDSTALL   = 16'h1600;
      |                                           ^~~~~~~~~~~~~~~
                      ... For warning description see https://verilator.org/warn/WIDTHEXPAND?v=5.050
                      ... Use "/* verilator lint_off WIDTHEXPAND */" and lint_on around source to disable this message.
%Warning-WIDTHTRUNC: /private/tmp/rivoryxa-historical-final-20260915/evidence/historical-82cbd740d51d/before/riscv_gnt_stall.sv:116:20: Operator ASSIGNDLY expects 1 bits on the Assign RHS, but Assign RHS's RAND generates 32 bits.
                                                                                                                                      : ... note: In instance 'mm_ram_timer_tb.dut.data_gnt_stall_inst'
  116 |       grant_core_o <= $urandom;  
      |                    ^~
                     ... For warning description see https://verilator.org/warn/WIDTHTRUNC?v=5.050
                     ... Use "/* verilator lint_off WIDTHTRUNC */" and lint_on around source to disable this message.
%Warning-WIDTHEXPAND: /private/tmp/rivoryxa-historical-final-20260915/evidence/historical-82cbd740d51d/before/dp_ram.sv:47:52: Operator ADD expects 32 bits on the LHS, but LHS's VARREF 'addr_a_int' generates 12 bits.
                                                                                                                             : ... note: In instance 'mm_ram_timer_tb.dut.dp_ram_inst'
   47 |             rdata_a_o[(i*8)+: 8] <= mem[addr_a_int +  i];
      |                                                    ^
%Warning-WIDTHEXPAND: /private/tmp/rivoryxa-historical-final-20260915/evidence/historical-82cbd740d51d/before/dp_ram.sv:79:19: Operator ASSIGN expects 32 bits on the Assign RHS, but Assign RHS's ARRAYSEL generates 8 bits.
                                                                                                                             : ... note: In instance 'mm_ram_timer_tb.dut.dp_ram_inst'
   79 |         read_byte = mem[byte_addr];
      |                   ^
%Warning-WIDTHEXPAND: /private/tmp/rivoryxa-historical-final-20260915/evidence/historical-82cbd740d51d/before/mm_ram.sv:456:49: Operator EQ expects 32 bits on the LHS, but LHS's SEL generates 16 bits.
                                                                                                                              : ... note: In instance 'mm_ram_timer_tb.dut'
  456 |                 end else if (data_addr_i[31:16] == MMADDR_RNDSTALL) begin
      |                                                 ^~
%Warning-WIDTHEXPAND: /private/tmp/rivoryxa-historical-final-20260915/evidence/historical-82cbd740d51d/before/mm_ram.sv:476:49: Operator EQ expects 32 bits on the LHS, but LHS's SEL generates 16 bits.
                                                                                                                              : ... note: In instance 'mm_ram_timer_tb.dut'
  476 |                 end else if (data_addr_i[31:16] == MMADDR_RNDSTALL) begin
      |                                                 ^~
%Warning-WIDTHEXPAND: /private/tmp/rivoryxa-historical-final-20260915/evidence/historical-82cbd740d51d/before/mm_ram.sv:590:84: Operator SHIFTL expects 32 bits on the LHS, but LHS's VARREF 'rnd_irq' generates 1 bits.
                                                                                                                              : ... note: In instance 'mm_ram_timer_tb.dut'
  590 |     assign irq_o    = irq_q | sig_platform_q | {{24{1'b0}}, mtip, 7'b0} | (rnd_irq << RND_IRQ_ID);
      |                                                                                    ^~
%Warning-WIDTHTRUNC: /private/tmp/rivoryxa-historical-final-20260915/evidence/historical-82cbd740d51d/before/mm_ram.sv:715:39: Operator ASSIGNDLY expects 15 bits on the Assign RHS, but Assign RHS's URANDOMRANGE generates 32 bits.
                                                                                                                             : ... note: In instance 'mm_ram_timer_tb.dut'
  715 |                  debugger_start_cnt_q <= $urandom_range(1,~|debugger_wdata[14:0] ? 128 : debugger_wdata[14:0]);
      |                                       ^~
%Warning-WIDTHTRUNC: /private/tmp/rivoryxa-historical-final-20260915/evidence/historical-82cbd740d51d/before/mm_ram.sv:729:41: Operator ASSIGNDLY expects 13 bits on the Assign RHS, but Assign RHS's URANDOMRANGE generates 32 bits.
                                                                                                                             : ... note: In instance 'mm_ram_timer_tb.dut'
  729 |                    debug_req_duration_q <= $urandom_range(1,~|debugger_wdata[28:16] ? 128 : debugger_wdata[28:16]);
      |                                         ^~
%Warning-WIDTHTRUNC: /private/tmp/rivoryxa-historical-final-20260915/evidence/historical-82cbd740d51d/before/mm_ram.sv:839:29: Operator ASSIGNW expects 12 bits on the Assign RHS, but Assign RHS's COND generates 32 bits.
                                                                                                                             : ... note: In instance 'mm_ram_timer_tb.dut'
  839 |     assign instr_addr_remap =  ( (instr_addr_i >= dm_halt_addr_i) &&
      |                             ^
%Warning-WIDTHEXPAND: /private/tmp/rivoryxa-historical-final-20260915/evidence/historical-82cbd740d51d/before/mm_ram.sv:848:36: Operator COND expects 32 bits on the Conditional True, but Conditional True's CONST '1'h1' generates 1 bits.
                                                                                                                              : ... note: In instance 'mm_ram_timer_tb.dut'
  848 |     ram_instr_gnt    = instr_req_i ? 1'b1 : $urandom;
      |                                    ^
%Warning-WIDTHTRUNC: /private/tmp/rivoryxa-historical-final-20260915/evidence/historical-82cbd740d51d/before/mm_ram.sv:848:22: Operator ASSIGN expects 1 bits on the Assign RHS, but Assign RHS's COND generates 32 bits.
                                                                                                                             : ... note: In instance 'mm_ram_timer_tb.dut'
  848 |     ram_instr_gnt    = instr_req_i ? 1'b1 : $urandom;
      |                      ^
%Warning-WIDTHEXPAND: /private/tmp/rivoryxa-historical-final-20260915/evidence/historical-82cbd740d51d/before/mm_ram.sv:853:35: Operator COND expects 32 bits on the Conditional True, but Conditional True's CONST '1'h1' generates 1 bits.
                                                                                                                              : ... note: In instance 'mm_ram_timer_tb.dut'
  853 |     ram_data_gnt     = data_req_i ? 1'b1 : $urandom;
      |                                   ^
%Warning-WIDTHTRUNC: /private/tmp/rivoryxa-historical-final-20260915/evidence/historical-82cbd740d51d/before/mm_ram.sv:853:22: Operator ASSIGN expects 1 bits on the Assign RHS, but Assign RHS's COND generates 32 bits.
                                                                                                                             : ... note: In instance 'mm_ram_timer_tb.dut'
  853 |     ram_data_gnt     = data_req_i ? 1'b1 : $urandom;
      |                      ^
%Warning-WIDTHTRUNC: /private/tmp/rivoryxa-historical-final-20260915/evidence/historical-82cbd740d51d/before/mm_ram.sv:859:5: Logical operator IF expects 1 bit on the If, but If's ARRAYSEL generates 32 bits.
                                                                                                                            : ... note: In instance 'mm_ram_timer_tb.dut'
  859 |     if(rnd_stall_regs[RND_STALL_INSTR_EN]) begin
      |     ^~
%Warning-WIDTHTRUNC: /private/tmp/rivoryxa-historical-final-20260915/evidence/historical-82cbd740d51d/before/mm_ram.sv:863:5: Logical operator IF expects 1 bit on the If, but If's ARRAYSEL generates 32 bits.
                                                                                                                            : ... note: In instance 'mm_ram_timer_tb.dut'
  863 |     if(rnd_stall_regs[RND_STALL_DATA_EN]) begin
      |     ^~
%Warning-MULTIDRIVEN: /private/tmp/rivoryxa-historical-final-20260915/evidence/historical-82cbd740d51d/before/mm_ram.sv:319:9: Variable written to in always_comb also written by other process (IEEE 1800-2023 9.2.2.2): 'data_addr_dec'
                                                                                                                             : ... note: In instance 'mm_ram_timer_tb.dut'
                      /private/tmp/rivoryxa-historical-final-20260915/evidence/historical-82cbd740d51d/before/mm_ram.sv:319:9: 
  319 |         data_addr_dec       = '0;
      |         ^~~~~~~~~~~~~
                      /private/tmp/rivoryxa-historical-final-20260915/evidence/historical-82cbd740d51d/before/mm_ram.sv:232:11: ... Location of other write
  232 |           data_addr_dec  = data_addr_i[RAM_ADDR_WIDTH-1:0];
      |           ^~~~~~~~~~~~~
                      ... For warning description see https://verilator.org/warn/MULTIDRIVEN?v=5.050
                      ... Use "/* verilator lint_off MULTIDRIVEN */" and lint_on around source to disable this message.
%Warning-LATCH: /private/tmp/rivoryxa-historical-final-20260915/evidence/historical-82cbd740d51d/before/mm_ram.sv:313:5: Latch inferred for signal 'mm_ram_timer_tb.dut.sig_file' (not all control paths of combinational always assign a value)
                                                                                                                       : ... Suggest use of always_latch for intentional latches
  313 |     always_comb begin
      |     ^~~~~~~~~~~
                ... For warning description see https://verilator.org/warn/LATCH?v=5.050
                ... Use "/* verilator lint_off LATCH */" and lint_on around source to disable this message.
%Warning-LATCH: /private/tmp/rivoryxa-historical-final-20260915/evidence/historical-82cbd740d51d/before/mm_ram.sv:313:5: Latch inferred for signal 'mm_ram_timer_tb.dut.sig_fd' (not all control paths of combinational always assign a value)
                                                                                                                       : ... Suggest use of always_latch for intentional latches
  313 |     always_comb begin
      |     ^~~~~~~~~~~
%Warning-LATCH: /private/tmp/rivoryxa-historical-final-20260915/evidence/historical-82cbd740d51d/before/mm_ram.sv:313:5: Latch inferred for signal 'mm_ram_timer_tb.dut.use_sig_file' (not all control paths of combinational always assign a value)
                                                                                                                       : ... Suggest use of always_latch for intentional latches
  313 |     always_comb begin
      |     ^~~~~~~~~~~
c++ -Os  -I.  -MMD -I/opt/homebrew/Cellar/verilator/5.050/share/verilator/include -I/opt/homebrew/Cellar/verilator/5.050/share/verilator/include/vltstd -DVERILATOR=1 -DVM_COVERAGE=0 -DVM_SC=0 -DVM_TIMING=1 -DVM_TRACE=0 -DVM_TRACE_FST=0 -DVM_TRACE_VCD=0 -DVM_TRACE_SAIF=0 -DVM_VPI=0 -faligned-new -fbracket-depth=4096 -fcf-protection=none -Xclang -fno-pch-timestamp -Qunused-arguments -Wno-bool-operation -Wno-c++11-narrowing -Wno-constant-logical-operand -Wno-int-in-bool-context -Wno-non-pod-varargs -Wno-parentheses-equality -Wno-shadow -Wno-sign-compare -Wno-tautological-bitwise-compare -Wno-tautological-compare -Wno-uninitialized -Wno-unnecessary-virtual-specifier -Wno-unused-but-set-parameter -Wno-unused-but-set-variable -Wno-unused-parameter -Wno-unused-variable -Wno-vla-cxx-extension    -DVL_TIME_CONTEXT   -std=gnu++20 -c -o verilated.o /opt/homebrew/Cellar/verilator/5.050/share/verilator/include/verilated.cpp
c++ -Os  -I.  -MMD -I/opt/homebrew/Cellar/verilator/5.050/share/verilator/include -I/opt/homebrew/Cellar/verilator/5.050/share/verilator/include/vltstd -DVERILATOR=1 -DVM_COVERAGE=0 -DVM_SC=0 -DVM_TIMING=1 -DVM_TRACE=0 -DVM_TRACE_FST=0 -DVM_TRACE_VCD=0 -DVM_TRACE_SAIF=0 -DVM_VPI=0 -faligned-new -fbracket-depth=4096 -fcf-protection=none -Xclang -fno-pch-timestamp -Qunused-arguments -Wno-bool-operation -Wno-c++11-narrowing -Wno-constant-logical-operand -Wno-int-in-bool-context -Wno-non-pod-varargs -Wno-parentheses-equality -Wno-shadow -Wno-sign-compare -Wno-tautological-bitwise-compare -Wno-tautological-compare -Wno-uninitialized -Wno-unnecessary-virtual-specifier -Wno-unused-but-set-parameter -Wno-unused-but-set-variable -Wno-unused-parameter -Wno-unused-variable -Wno-vla-cxx-extension    -DVL_TIME_CONTEXT   -std=gnu++20 -c -o verilated_dpi.o /opt/homebrew/Cellar/verilator/5.050/share/verilator/include/verilated_dpi.cpp
c++ -Os  -I.  -MMD -I/opt/homebrew/Cellar/verilator/5.050/share/verilator/include -I/opt/homebrew/Cellar/verilator/5.050/share/verilator/include/vltstd -DVERILATOR=1 -DVM_COVERAGE=0 -DVM_SC=0 -DVM_TIMING=1 -DVM_TRACE=0 -DVM_TRACE_FST=0 -DVM_TRACE_VCD=0 -DVM_TRACE_SAIF=0 -DVM_VPI=0 -faligned-new -fbracket-depth=4096 -fcf-protection=none -Xclang -fno-pch-timestamp -Qunused-arguments -Wno-bool-operation -Wno-c++11-narrowing -Wno-constant-logical-operand -Wno-int-in-bool-context -Wno-non-pod-varargs -Wno-parentheses-equality -Wno-shadow -Wno-sign-compare -Wno-tautological-bitwise-compare -Wno-tautological-compare -Wno-uninitialized -Wno-unnecessary-virtual-specifier -Wno-unused-but-set-parameter -Wno-unused-but-set-variable -Wno-unused-parameter -Wno-unused-variable -Wno-vla-cxx-extension    -DVL_TIME_CONTEXT   -std=gnu++20 -c -o verilated_timing.o /opt/homebrew/Cellar/verilator/5.050/share/verilator/include/verilated_timing.cpp
c++ -Os  -I.  -MMD -I/opt/homebrew/Cellar/verilator/5.050/share/verilator/include -I/opt/homebrew/Cellar/verilator/5.050/share/verilator/include/vltstd -DVERILATOR=1 -DVM_COVERAGE=0 -DVM_SC=0 -DVM_TIMING=1 -DVM_TRACE=0 -DVM_TRACE_FST=0 -DVM_TRACE_VCD=0 -DVM_TRACE_SAIF=0 -DVM_VPI=0 -faligned-new -fbracket-depth=4096 -fcf-protection=none -Xclang -fno-pch-timestamp -Qunused-arguments -Wno-bool-operation -Wno-c++11-narrowing -Wno-constant-logical-operand -Wno-int-in-bool-context -Wno-non-pod-varargs -Wno-parentheses-equality -Wno-shadow -Wno-sign-compare -Wno-tautological-bitwise-compare -Wno-tautological-compare -Wno-uninitialized -Wno-unnecessary-virtual-specifier -Wno-unused-but-set-parameter -Wno-unused-but-set-variable -Wno-unused-parameter -Wno-unused-variable -Wno-vla-cxx-extension    -DVL_TIME_CONTEXT   -std=gnu++20 -c -o verilated_threads.o /opt/homebrew/Cellar/verilator/5.050/share/verilator/include/verilated_threads.cpp
python3 /opt/homebrew/Cellar/verilator/5.050/share/verilator/bin/verilator_includer -DVL_INCLUDE_OPT=include Vmm_ram_timer_tb.cpp Vmm_ram_timer_tb__Dpi_Export__0.cpp Vmm_ram_timer_tb___024root__0.cpp Vmm_ram_timer_tb__main.cpp Vmm_ram_timer_tb__Dpi.cpp Vmm_ram_timer_tb___024root__Slow.cpp Vmm_ram_timer_tb___024root__0__Slow.cpp Vmm_ram_timer_tb__Syms__Slow.cpp > Vmm_ram_timer_tb__ALL.cpp
c++ -Os  -I.  -MMD -I/opt/homebrew/Cellar/verilator/5.050/share/verilator/include -I/opt/homebrew/Cellar/verilator/5.050/share/verilator/include/vltstd -DVERILATOR=1 -DVM_COVERAGE=0 -DVM_SC=0 -DVM_TIMING=1 -DVM_TRACE=0 -DVM_TRACE_FST=0 -DVM_TRACE_VCD=0 -DVM_TRACE_SAIF=0 -DVM_VPI=0 -faligned-new -fbracket-depth=4096 -fcf-protection=none -Xclang -fno-pch-timestamp -Qunused-arguments -Wno-bool-operation -Wno-c++11-narrowing -Wno-constant-logical-operand -Wno-int-in-bool-context -Wno-non-pod-varargs -Wno-parentheses-equality -Wno-shadow -Wno-sign-compare -Wno-tautological-bitwise-compare -Wno-tautological-compare -Wno-uninitialized -Wno-unnecessary-virtual-specifier -Wno-unused-but-set-parameter -Wno-unused-but-set-variable -Wno-unused-parameter -Wno-unused-variable -Wno-vla-cxx-extension    -DVL_TIME_CONTEXT   -std=gnu++20 -c -o Vmm_ram_timer_tb__ALL.o Vmm_ram_timer_tb__ALL.cpp
c++  -Wl,-U,__Z15vl_time_stamp64v,-U,__Z13sc_time_stampv,-U,_vlog_startup_routines   verilated.o verilated_dpi.o verilated_timing.o verilated_threads.o Vmm_ram_timer_tb__ALL.a    -pthread -lpthread   -o Vmm_ram_timer_tb
rm Vmm_ram_timer_tb__ALL.verilator_deplist.tmp
- V e r i l a t i o n   R e p o r t: Verilator 5.050 2026-07-01 rev vUNKNOWN-built20260701
- Verilator: Built from 0.357 MB sources in 6 modules, into 0.252 MB in 8 C++ files needing 0.001 MB
- Verilator: Walltime 5.853 s (elab=0.013, cvt=0.022, bld=5.801); cpu 0.032 s on 1 threads; allocated 14.734 MB
