[01/94] PASS priv/ExceptionsSm/ExceptionsSm-00.elf
[02/94] PASS priv/ExceptionsZc/ExceptionsZc-00.elf
[03/94] PASS priv/InterruptsSm/InterruptsSm-00.elf
[04/94] PASS rv32i/I/I-add-00.elf
[05/94] PASS rv32i/I/I-addi-00.elf
[06/94] PASS rv32i/I/I-and-00.elf
[07/94] PASS rv32i/I/I-andi-00.elf
[08/94] PASS rv32i/I/I-auipc-00.elf
[09/94] PASS rv32i/I/I-beq-00.elf
[10/94] PASS rv32i/I/I-bge-00.elf
[11/94] PASS rv32i/I/I-bgeu-00.elf
[12/94] PASS rv32i/I/I-blt-00.elf
[13/94] PASS rv32i/I/I-bltu-00.elf
[14/94] PASS rv32i/I/I-bne-00.elf
[15/94] PASS rv32i/I/I-fence-00.elf
[16/94] PASS rv32i/I/I-jal-00.elf
[17/94] PASS rv32i/I/I-jalr-00.elf
[18/94] PASS rv32i/I/I-lb-00.elf
[19/94] PASS rv32i/I/I-lbu-00.elf
[20/94] PASS rv32i/I/I-lh-00.elf
[21/94] PASS rv32i/I/I-lhu-00.elf
[22/94] PASS rv32i/I/I-lui-00.elf
[23/94] PASS rv32i/I/I-lw-00.elf
[24/94] PASS rv32i/I/I-nop-00.elf
[25/94] PASS rv32i/I/I-or-00.elf
[26/94] PASS rv32i/I/I-ori-00.elf
[27/94] PASS rv32i/I/I-sb-00.elf
[28/94] PASS rv32i/I/I-sh-00.elf
[29/94] PASS rv32i/I/I-sll-00.elf
[30/94] PASS rv32i/I/I-slli-00.elf
[31/94] PASS rv32i/I/I-slt-00.elf
[32/94] PASS rv32i/I/I-slti-00.elf
[33/94] PASS rv32i/I/I-sltiu-00.elf
[34/94] PASS rv32i/I/I-sltu-00.elf
[35/94] PASS rv32i/I/I-sra-00.elf
[36/94] PASS rv32i/I/I-srai-00.elf
[37/94] PASS rv32i/I/I-srl-00.elf
[38/94] PASS rv32i/I/I-srli-00.elf
[39/94] PASS rv32i/I/I-sub-00.elf
[40/94] PASS rv32i/I/I-sw-00.elf
[41/94] PASS rv32i/I/I-xor-00.elf
[42/94] PASS rv32i/I/I-xori-00.elf
[43/94] PASS rv32i/M/M-div-00.elf
[44/94] PASS rv32i/M/M-divu-00.elf
[45/94] PASS rv32i/M/M-mul-00.elf
[46/94] PASS rv32i/M/M-mulh-00.elf
[47/94] PASS rv32i/M/M-mulhsu-00.elf
[48/94] PASS rv32i/M/M-mulhu-00.elf
[49/94] PASS rv32i/M/M-rem-00.elf
[50/94] PASS rv32i/M/M-remu-00.elf
[51/94] PASS rv32i/Misalign/Misalign-lh-00.elf
[52/94] PASS rv32i/Misalign/Misalign-lhu-00.elf
[53/94] PASS rv32i/Misalign/Misalign-lw-00.elf
[54/94] PASS rv32i/Misalign/Misalign-sh-00.elf
[55/94] PASS rv32i/Misalign/Misalign-sw-00.elf
[56/94] PASS rv32i/MisalignZca/MisalignZca-c.lw-00.elf
[57/94] PASS rv32i/MisalignZca/MisalignZca-c.lwsp-00.elf
[58/94] PASS rv32i/MisalignZca/MisalignZca-c.sw-00.elf
[59/94] PASS rv32i/MisalignZca/MisalignZca-c.swsp-00.elf
[60/94] PASS rv32i/Zca/Zca-c.add-00.elf
[61/94] PASS rv32i/Zca/Zca-c.addi-00.elf
[62/94] PASS rv32i/Zca/Zca-c.addi16sp-00.elf
[63/94] PASS rv32i/Zca/Zca-c.addi4spn-00.elf
[64/94] PASS rv32i/Zca/Zca-c.and-00.elf
[65/94] PASS rv32i/Zca/Zca-c.andi-00.elf
[66/94] PASS rv32i/Zca/Zca-c.beqz-00.elf
[67/94] PASS rv32i/Zca/Zca-c.bnez-00.elf
[68/94] PASS rv32i/Zca/Zca-c.j-00.elf
[69/94] PASS rv32i/Zca/Zca-c.jal-00.elf
[70/94] PASS rv32i/Zca/Zca-c.jalr-00.elf
[71/94] PASS rv32i/Zca/Zca-c.jr-00.elf
[72/94] PASS rv32i/Zca/Zca-c.li-00.elf
[73/94] PASS rv32i/Zca/Zca-c.lui-00.elf
[74/94] PASS rv32i/Zca/Zca-c.lw-00.elf
[75/94] PASS rv32i/Zca/Zca-c.lwsp-00.elf
[76/94] PASS rv32i/Zca/Zca-c.mv-00.elf
[77/94] PASS rv32i/Zca/Zca-c.nop-00.elf
[78/94] PASS rv32i/Zca/Zca-c.or-00.elf
[79/94] PASS rv32i/Zca/Zca-c.slli-00.elf
[80/94] PASS rv32i/Zca/Zca-c.srai-00.elf
[81/94] PASS rv32i/Zca/Zca-c.srli-00.elf
[82/94] PASS rv32i/Zca/Zca-c.sub-00.elf
[83/94] PASS rv32i/Zca/Zca-c.sw-00.elf
[84/94] PASS rv32i/Zca/Zca-c.swsp-00.elf
[85/94] PASS rv32i/Zca/Zca-c.xor-00.elf
[86/94] PASS rv32i/Zicntr/Zicntr-csrrc-00.elf
[87/94] PASS rv32i/Zicntr/Zicntr-csrrs-00.elf
[88/94] PASS rv32i/Zicsr/Zicsr-csrrc-00.elf
[89/94] PASS rv32i/Zicsr/Zicsr-csrrci-00.elf
[90/94] PASS rv32i/Zicsr/Zicsr-csrrs-00.elf
[91/94] PASS rv32i/Zicsr/Zicsr-csrrsi-00.elf
[92/94] PASS rv32i/Zicsr/Zicsr-csrrw-00.elf
[93/94] PASS rv32i/Zicsr/Zicsr-csrrwi-00.elf
[94/94] PASS rv32i/Zifencei/Zifencei-fence.i-00.elf
/repo/recorded/2026-09-15/run-20260915T061653Z-5599/summary.json

real	0m6.368s
user	0m3.646s
sys	0m1.086s
